EN ethernetrx_muser_stupid NULL C:/Users/fafik/Dropbox/infa/git/ethernet/ethernet4b/stupid.vhf sub00/vhpl52 1408900017
AR mac_source behavioral C:/Users/fafik/Dropbox/infa/git/ethernet/ethernet4b/MAC_source.vhd sub00/vhpl39 1408871089
EN cu_test1 NULL C:/Users/fafik/Dropbox/infa/git/ethernet/ethernet4b/CU_test1.vhf sub00/vhpl62 1409392792
AR new_schem behavioral C:/Users/fafik/Dropbox/infa/git/ethernet/ethernet4b/new_schem.vhf sub00/vhpl27 1409386885
AR fifo_control_unit behavioral C:/Users/fafik/Dropbox/infa/git/ethernet/ethernet4b/fifo_control_unit.vhd sub00/vhpl23 1409392775
EN ethernetrx_muser_new_schem NULL C:/Users/fafik/Dropbox/infa/git/ethernet/ethernet4b/new_schem.vhf sub00/vhpl48 1409386882
AR new_tx_fifo_control_unit behavioral C:/Users/fafik/Dropbox/infa/git/ethernet/ethernet4b/new_tx_fifo_control_unit.vhd sub00/vhpl31 1408869531
AR mii_test3 behavioral C:/Users/fafik/Dropbox/infa/git/ethernet/ethernet4b/MII_test3.vhf sub00/vhpl15 1409392787
AR stupid behavioral C:/Users/fafik/Dropbox/infa/git/ethernet/ethernet4b/stupid.vhf sub00/vhpl55 1408900020
EN cu NULL C:/Users/fafik/Dropbox/infa/git/ethernet/ethernet4b/CU.vhd sub00/vhpl40 1408900013
AR cu_test1 behavioral C:/Users/fafik/Dropbox/infa/git/ethernet/ethernet4b/CU_test1.vhf sub00/vhpl63 1409392793
EN vga_display NULL C:/Users/fafik/Dropbox/infa/git/ethernet/ethernet4b/vga_display.vhd sub00/vhpl18 1409386874
EN test_ekstra NULL C:/Users/fafik/Dropbox/infa/git/ethernet/ethernet4b/test_ekstra.vhf sub00/vhpl44 1408832593
AR ethernetrx_muser_test_ekstra behavioral C:/Users/fafik/Dropbox/infa/git/ethernet/ethernet4b/test_ekstra.vhf sub00/vhpl43 1408832592
EN fifo_control_unit NULL C:/Users/fafik/Dropbox/infa/git/ethernet/ethernet4b/fifo_control_unit.vhd sub00/vhpl22 1409392774
AR new_tx_frame_buffer behavioral C:/Users/fafik/Dropbox/infa/git/ethernet/ethernet4b/new_tx_frame_buffer.vhd sub00/vhpl33 1408869529
EN stupid NULL C:/Users/fafik/Dropbox/infa/git/ethernet/ethernet4b/stupid.vhf sub00/vhpl54 1408900019
EN nowyrxtx NULL C:/Users/fafik/Dropbox/infa/xilinx/ethernet2/nowyRXTX.vhd sub00/vhpl08 1394726643
EN button NULL C:/XilinxPrj/ethernet/button.vhd sub00/vhpl04 1394445769
AR button behavioral C:/XilinxPrj/ethernet/button.vhd sub00/vhpl05 1394445770
AR new_eof_buffer behavioral C:/Users/fafik/Dropbox/infa/git/ethernet/ethernet4b/new_eof_buffer.vhd sub00/vhpl29 1409392779
AR mii_rx behavioral C:/Users/fafik/Dropbox/infa/git/ethernet/ethernet4b/MII_RX.vhd sub00/vhpl13 1403173393
EN mii_schem NULL C:/Users/fafik/Dropbox/infa/git/ethernet/ethernet4b/MII_schem.vhf sub00/vhpl16 1409392788
EN mii_test3 NULL C:/Users/fafik/Dropbox/infa/git/ethernet/ethernet4b/MII_test3.vhf sub00/vhpl14 1409392786
EN tx_schem NULL C:/Users/fafik/Dropbox/infa/git/ethernet/ethernet4b/tx_schem.vhf sub00/vhpl34 1409392784
AR ethernettx behavioral C:/Users/fafik/Dropbox/infa/git/ethernet/ethernet4b/ethernetTX.vhf sub00/vhpl51 1408869537
EN mac_source NULL C:/Users/fafik/Dropbox/infa/git/ethernet/ethernet4b/MAC_source.vhd sub00/vhpl38 1408871088
EN icmp_detector NULL C:/Users/fafik/Dropbox/infa/git/ethernet/ethernet4b/ICMP_detector.vhd sub00/vhpl56 1409392780
EN header_display NULL C:/XilinxPrj/ethernet4/header_display.vhd sub00/vhpl10 1398868568
AR header_display behavioral C:/XilinxPrj/ethernet4/header_display.vhd sub00/vhpl11 1398868569
EN smi_rxtx NULL C:/XilinxPrj/ethernet/SMI_RXTX.vhd sub00/vhpl02 1394445767
AR cunit behavioral C:/Users/fafik/Dropbox/infa/git/ethernet/ethernet4b/CUnit.vhd sub00/vhpl59 1409392783
EN new_tx_frame_buffer NULL C:/Users/fafik/Dropbox/infa/git/ethernet/ethernet4b/new_tx_frame_buffer.vhd sub00/vhpl32 1408869528
EN new_schem NULL C:/Users/fafik/Dropbox/infa/git/ethernet/ethernet4b/new_schem.vhf sub00/vhpl26 1409386884
AR new_frame_buffer behavioral C:/Users/fafik/Dropbox/infa/git/ethernet/ethernet4b/new_frame_buffer.vhd sub00/vhpl25 1409392777
AR ethernetrx_muser_new_schem behavioral C:/Users/fafik/Dropbox/infa/git/ethernet/ethernet4b/new_schem.vhf sub00/vhpl49 1409386883
AR tx_schem behavioral C:/Users/fafik/Dropbox/infa/git/ethernet/ethernet4b/tx_schem.vhf sub00/vhpl35 1409392785
EN new_frame_buffer NULL C:/Users/fafik/Dropbox/infa/git/ethernet/ethernet4b/new_frame_buffer.vhd sub00/vhpl24 1409392776
AR ethernetrx_muser_cu_test1 behavioral C:/Users/fafik/Dropbox/infa/git/ethernet/ethernet4b/CU_test1.vhf sub00/vhpl61 1409392791
EN ethernetrx_muser_test_ekstra NULL C:/Users/fafik/Dropbox/infa/git/ethernet/ethernet4b/test_ekstra.vhf sub00/vhpl42 1408832591
AR ethernetrx behavioral C:/Users/fafik/Dropbox/infa/git/ethernet/ethernet4b/ethernetRX.vhf sub00/vhpl47 1409392795
EN smi_divider NULL C:/XilinxPrj/ethernet/SMI_divider.vhd sub00/vhpl00 1394445765
EN ethernetrx_muser_cu_test1 NULL C:/Users/fafik/Dropbox/infa/git/ethernet/ethernet4b/CU_test1.vhf sub00/vhpl60 1409392790
AR smi_divider behavioral C:/XilinxPrj/ethernet/SMI_divider.vhd sub00/vhpl01 1394445766
EN test NULL C:/XilinxPrj/ethernet/test.vhf sub00/vhpl06 1394445771
EN mii_rx NULL C:/Users/fafik/Dropbox/infa/git/ethernet/ethernet4b/MII_RX.vhd sub00/vhpl12 1403173392
AR smi_rxtx behavioral C:/XilinxPrj/ethernet/SMI_RXTX.vhd sub00/vhpl03 1394445768
EN ethernetrx NULL C:/Users/fafik/Dropbox/infa/git/ethernet/ethernet4b/ethernetRX.vhf sub00/vhpl46 1409392794
AR vga_tx_display behavioral C:/Users/fafik/Dropbox/infa/git/ethernet/ethernet4b/vga_tx_display.vhd sub00/vhpl37 1408393349
EN ethernettx NULL C:/Users/fafik/Dropbox/infa/git/ethernet/ethernet4b/ethernetTX.vhf sub00/vhpl50 1408869536
EN vga_tx_display NULL C:/Users/fafik/Dropbox/infa/git/ethernet/ethernet4b/vga_tx_display.vhd sub00/vhpl36 1408393348
AR nowyrxtx behavioral C:/Users/fafik/Dropbox/infa/xilinx/ethernet2/nowyRXTX.vhd sub00/vhpl09 1394726644
AR vga_display behavioral C:/Users/fafik/Dropbox/infa/git/ethernet/ethernet4b/vga_display.vhd sub00/vhpl19 1409386875
AR test_ekstra behavioral C:/Users/fafik/Dropbox/infa/git/ethernet/ethernet4b/test_ekstra.vhf sub00/vhpl45 1408832594
EN new_tx_fifo_control_unit NULL C:/Users/fafik/Dropbox/infa/git/ethernet/ethernet4b/new_tx_fifo_control_unit.vhd sub00/vhpl30 1408869530
AR test behavioral C:/XilinxPrj/ethernet/test.vhf sub00/vhpl07 1394445772
EN frame_buffer NULL "C:/Users/fafik/Desktop/New folder (3)/ethernet-master/ethernet-master/ethernet4b/frame_buffer.vhd" sub00/vhpl20 1406490725
EN cunit NULL C:/Users/fafik/Dropbox/infa/git/ethernet/ethernet4b/CUnit.vhd sub00/vhpl58 1409392782
AR icmp_detector behavioral C:/Users/fafik/Dropbox/infa/git/ethernet/ethernet4b/ICMP_detector.vhd sub00/vhpl57 1409392781
AR mii_schem behavioral C:/Users/fafik/Dropbox/infa/git/ethernet/ethernet4b/MII_schem.vhf sub00/vhpl17 1409392789
EN new_eof_buffer NULL C:/Users/fafik/Dropbox/infa/git/ethernet/ethernet4b/new_eof_buffer.vhd sub00/vhpl28 1409392778
AR cu behavioral C:/Users/fafik/Dropbox/infa/git/ethernet/ethernet4b/CU.vhd sub00/vhpl41 1408900014
AR frame_buffer behavioral "C:/Users/fafik/Desktop/New folder (3)/ethernet-master/ethernet-master/ethernet4b/frame_buffer.vhd" sub00/vhpl21 1406490726
AR ethernetrx_muser_stupid behavioral C:/Users/fafik/Dropbox/infa/git/ethernet/ethernet4b/stupid.vhf sub00/vhpl53 1408900018
