Release 14.6 - xst P.68d (nt)
Copyright (c) 1995-2013 Xilinx, Inc.  All rights reserved.
--> Parameter TMPDIR set to xst/projnav.tmp


Total REAL time to Xst completion: 0.00 secs
Total CPU time to Xst completion: 0.12 secs
 
--> Parameter xsthdpdir set to xst


Total REAL time to Xst completion: 0.00 secs
Total CPU time to Xst completion: 0.12 secs
 
--> Reading design: test.prj

TABLE OF CONTENTS
  1) Synthesis Options Summary
  2) HDL Compilation
  3) Design Hierarchy Analysis
  4) HDL Analysis
  5) HDL Synthesis
     5.1) HDL Synthesis Report
  6) Advanced HDL Synthesis
     6.1) Advanced HDL Synthesis Report
  7) Low Level Synthesis
  8) Partition Report
  9) Final Report
	9.1) Device utilization summary
	9.2) Partition Resource Summary
	9.3) TIMING REPORT


=========================================================================
*                      Synthesis Options Summary                        *
=========================================================================
---- Source Parameters
Input File Name                    : "test.prj"
Input Format                       : mixed
Ignore Synthesis Constraint File   : NO

---- Target Parameters
Output File Name                   : "test"
Output Format                      : NGC
Target Device                      : xc3s500e-4-fg320

---- Source Options
Top Module Name                    : test
Automatic FSM Extraction           : YES
FSM Encoding Algorithm             : Auto
Safe Implementation                : No
FSM Style                          : LUT
RAM Extraction                     : Yes
RAM Style                          : Auto
ROM Extraction                     : Yes
Mux Style                          : Auto
Decoder Extraction                 : YES
Priority Encoder Extraction        : Yes
Shift Register Extraction          : YES
Logical Shifter Extraction         : YES
XOR Collapsing                     : YES
ROM Style                          : Auto
Mux Extraction                     : Yes
Resource Sharing                   : YES
Asynchronous To Synchronous        : NO
Multiplier Style                   : Auto
Automatic Register Balancing       : No

---- Target Options
Add IO Buffers                     : YES
Global Maximum Fanout              : 100000
Add Generic Clock Buffer(BUFG)     : 24
Register Duplication               : YES
Slice Packing                      : YES
Optimize Instantiated Primitives   : NO
Use Clock Enable                   : Yes
Use Synchronous Set                : Yes
Use Synchronous Reset              : Yes
Pack IO Registers into IOBs        : Auto
Equivalent register Removal        : YES

---- General Options
Optimization Goal                  : Speed
Optimization Effort                : 1
Keep Hierarchy                     : No
Netlist Hierarchy                  : As_Optimized
RTL Output                         : Yes
Global Optimization                : AllClockNets
Read Cores                         : YES
Write Timing Constraints           : NO
Cross Clock Analysis               : NO
Hierarchy Separator                : /
Bus Delimiter                      : <>
Case Specifier                     : Maintain
Slice Utilization Ratio            : 100
BRAM Utilization Ratio             : 100
Verilog 2001                       : YES
Auto BRAM Packing                  : NO
Slice Utilization Ratio Delta      : 5

=========================================================================


=========================================================================
*                          HDL Compilation                              *
=========================================================================
Compiling vhdl file "C:/XilinxPrj/ethernet/SMI_divider.vhd" in Library work.
Architecture behavioral of Entity smi_divider is up to date.
Compiling vhdl file "C:/XilinxPrj/ethernet/SMI_RXTX.vhd" in Library work.
Entity <smi_rxtx> compiled.
Entity <smi_rxtx> (Architecture <behavioral>) compiled.
Compiling vhdl file "C:/XilinxPrj/ethernet/button.vhd" in Library work.
Architecture behavioral of Entity button is up to date.
Compiling vhdl file "C:/XilinxPrj/ethernet/test.vhf" in Library work.
Architecture behavioral of Entity test is up to date.

=========================================================================
*                     Design Hierarchy Analysis                         *
=========================================================================
Analyzing hierarchy for entity <test> in library <work> (architecture <behavioral>).

Analyzing hierarchy for entity <SMI_divider> in library <work> (architecture <behavioral>).

Analyzing hierarchy for entity <SMI_RXTX> in library <work> (architecture <behavioral>).

Analyzing hierarchy for entity <button> in library <work> (architecture <behavioral>).


=========================================================================
*                            HDL Analysis                               *
=========================================================================
Analyzing Entity <test> in library <work> (Architecture <behavioral>).
Entity <test> analyzed. Unit <test> generated.

Analyzing Entity <SMI_divider> in library <work> (Architecture <behavioral>).
Entity <SMI_divider> analyzed. Unit <SMI_divider> generated.

Analyzing Entity <SMI_RXTX> in library <work> (Architecture <behavioral>).
INFO:Xst:1432 - Contents of array <latched_data> may be accessed with a negative index, causing simulation mismatch.
INFO:Xst:1433 - Contents of array <latched_data> may be accessed with an index that exceeds the array size. This could cause simulation mismatch.
INFO:Xst:1432 - Contents of array <latched_data> may be accessed with a negative index, causing simulation mismatch.
INFO:Xst:1433 - Contents of array <latched_data> may be accessed with an index that exceeds the array size. This could cause simulation mismatch.
Entity <SMI_RXTX> analyzed. Unit <SMI_RXTX> generated.

Analyzing Entity <button> in library <work> (Architecture <behavioral>).
Entity <button> analyzed. Unit <button> generated.


=========================================================================
*                           HDL Synthesis                               *
=========================================================================

Performing bidirectional port resolution...

Synthesizing Unit <SMI_divider>.
    Related source file is "C:/XilinxPrj/ethernet/SMI_divider.vhd".
WARNING:Xst:653 - Signal <clk_out_sig> is used but never assigned. This sourceless signal will be automatically connected to value 0.
    Found 4-bit up counter for signal <counter>.
    Summary:
	inferred   1 Counter(s).
Unit <SMI_divider> synthesized.


Synthesizing Unit <SMI_RXTX>.
    Related source file is "C:/XilinxPrj/ethernet/SMI_RXTX.vhd".
ERROR:Xst:1534 - Sequential logic for node <counter> appears to be controlled by multiple clocks.
ERROR:Xst:739 - Failed to synthesize logic for signal <counter>.
ERROR:Xst:1431 - Failed to synthesize unit <SMI_RXTX>.
--> 

Total memory usage is 209996 kilobytes

Number of errors   :    3 (   0 filtered)
Number of warnings :    1 (   0 filtered)
Number of infos    :    4 (   0 filtered)

